// 同步 ID: 1300eebb @ Fri Jul 24 14:47:24 UTC 2026
// 同步 ID: 5fb0bad0 @ Sat Jul 25 05:25:19 UTC 2026
// 同步 ID: c71f4195 @ Sat Jul 25 16:35:06 UTC 2026
// 同步 ID: 1f6d0f27 @ Sun Jul 26 00:11:24 UTC 2026
// 同步 ID: 721c18a5 @ Sun Jul 26 15:07:40 UTC 2026
// 同步 ID: f5139394 @ Sun Jul 26 17:12:15 UTC 2026
// 同步 ID: f34d66d0 @ Sun Jul 26 18:44:20 UTC 2026
// 重构日志: afe0dbdc
// 重构日志: ef5ff7a0
// 同步 ID: ee0c2c68 @ Tue Jul 28 10:32:57 UTC 2026
// 重构日志: 593d48ce
// 重构日志: 083fd037
// 重构日志: 35553c2e
// 同步 ID: f9513c59 @ Thu Jul 30 05:38:02 UTC 2026
// 同步 ID: fedfb8b2 @ Thu Jul 30 13:06:03 UTC 2026
// 同步 ID: 8c856730 @ Thu Jul 30 15:03:29 UTC 2026
// 同步 ID: 6901ca13 @ Thu Jul 30 17:45:23 UTC 2026
// 同步 ID: 22bb6138 @ Sat Aug  1 11:01:41 UTC 2026
// 重构日志: b0d96bdd
// 重构日志: 330d74f2
// 同步 ID: 36ca5243 @ Sun Aug  2 14:52:26 UTC 2026
// 重构日志: cdb7fc54
// 重构日志: a553bb08
// 重构日志: 131d18eb
// 同步 ID: f65786dc @ Tue Aug  4 17:44:04 UTC 2026
// 重构日志: 62a17b78
// 重构日志: b7f7cf50
// 同步 ID: ccce2b4f @ Fri Aug  7 06:23:20 UTC 2026
// 重构日志: 5210151f
// 同步 ID: 003a8ab4 @ Fri Aug  7 21:15:11 UTC 2026
// 重构日志: 4c04824a
// 重构日志: bfb88be1
